// Jest Snapshot v1, https://goo.gl/fbAQLP

exports[`<mainDashboard> should render correctly 1`] = `
<div>
  <div>
    <p
      className="text-heading-2 margin-bottom-16"
      data-testid="hn-text-heading"
    />
    <div>
      <iframe
        frameBorder="0"
        height="960"
        scrolling="yes"
        style={
          Object {
            "background": "transparent",
          }
        }
        title="Airtable view from undefined"
        width="100%"
      />
    </div>
  </div>
</div>
`;
